I'm sorry, but errors were detected in your script. Please correct the
errors listed below, and try again.


File "game/script.rpy", line 94: expected 'simple_expression' not found.
    zoom: 1.5
        ^

Ren'Py Version: Ren'Py 7.3.5.606
Thu Apr 28 01:53:58 2022
